32
85
4 0 30 (-192.000000 128.000000 -64.000000) (-192.000000 256.000000 -64.000000) (448.000000 256.000000 -64.000000) (448.000000 128.000000 -64.000000) 
4 0 27 (-112.000000 0.000000 -48.000000) (-112.000000 0.000000 48.000000) (-128.000000 0.000000 48.000000) (-128.000000 0.000000 -48.000000) 
4 0 26 (-112.000000 0.000000 48.000000) (-112.000000 0.000000 96.000000) (-136.000000 0.000000 96.000000) (-136.000000 0.000000 48.000000) 
4 0 28 (-136.000000 0.000000 96.000000) (-192.000000 0.000000 96.000000) (-192.000000 0.000000 -48.000000) (-136.000000 0.000000 -48.000000) 
4 0 29 (-192.000000 0.000000 -64.000000) (-112.000000 0.000000 -64.000000) (-112.000000 0.000000 -48.000000) (-192.000000 0.000000 -48.000000) 
4 0 25 (-112.000000 0.000000 -64.000000) (-16.000000 0.000000 -64.000000) (-16.000000 0.000000 -48.000000) (-112.000000 0.000000 -48.000000) 
4 0 23 (-16.000000 0.000000 0.000000) (-16.000000 0.000000 96.000000) (-112.000000 0.000000 96.000000) (-112.000000 0.000000 0.000000) 
4 0 24 (-16.000000 0.000000 -48.000000) (-16.000000 0.000000 0.000000) (-112.000000 0.000000 0.000000) (-112.000000 0.000000 -48.000000) 
4 0 21 (-0.000000 0.000000 48.000000) (-16.000000 0.000000 48.000000) (-16.000000 0.000000 -48.000000) (-0.000000 0.000000 -48.000000) 
4 0 22 (-16.000000 0.000000 -64.000000) (8.000000 0.000000 -64.000000) (8.000000 0.000000 -48.000000) (-16.000000 0.000000 -48.000000) 
4 0 20 (8.000000 0.000000 -64.000000) (24.000000 0.000000 -64.000000) (24.000000 0.000000 48.000000) (8.000000 0.000000 48.000000) 
4 0 19 (24.000000 0.000000 48.000000) (24.000000 0.000000 96.000000) (-16.000000 0.000000 96.000000) (-16.000000 0.000000 48.000000) 
4 0 16 (24.000000 0.000000 -64.000000) (120.000000 0.000000 -64.000000) (120.000000 0.000000 96.000000) (24.000000 0.000000 96.000000) 
4 0 12 (120.000000 0.000000 -64.000000) (296.000000 0.000000 -64.000000) (296.000000 0.000000 -48.000000) (120.000000 0.000000 -48.000000) 
4 0 10 (272.000000 0.000000 48.000000) (144.000000 0.000000 48.000000) (144.000000 0.000000 -48.000000) (272.000000 0.000000 -48.000000) 
4 0 9 (296.000000 0.000000 -48.000000) (296.000000 0.000000 48.000000) (280.000000 0.000000 48.000000) (280.000000 0.000000 -48.000000) 
4 0 11 (136.000000 0.000000 48.000000) (120.000000 0.000000 48.000000) (120.000000 0.000000 -48.000000) (136.000000 0.000000 -48.000000) 
4 0 8 (296.000000 0.000000 48.000000) (296.000000 0.000000 96.000000) (120.000000 0.000000 96.000000) (120.000000 0.000000 48.000000) 
4 0 7 (296.000000 0.000000 -64.000000) (392.000000 0.000000 -64.000000) (392.000000 0.000000 -48.000000) (296.000000 0.000000 -48.000000) 
4 0 5 (392.000000 0.000000 0.000000) (392.000000 0.000000 96.000000) (296.000000 0.000000 96.000000) (296.000000 0.000000 0.000000) 
4 0 6 (392.000000 0.000000 -48.000000) (392.000000 0.000000 0.000000) (296.000000 0.000000 0.000000) (296.000000 0.000000 -48.000000) 
4 0 3 (408.000000 0.000000 -64.000000) (416.000000 0.000000 -64.000000) (416.000000 0.000000 -48.000000) (408.000000 0.000000 -48.000000) 
4 0 4 (392.000000 0.000000 -64.000000) (408.000000 0.000000 -64.000000) (408.000000 0.000000 48.000000) (392.000000 0.000000 48.000000) 
4 0 2 (416.000000 0.000000 48.000000) (416.000000 0.000000 96.000000) (392.000000 0.000000 96.000000) (392.000000 0.000000 48.000000) 
4 0 1 (416.000000 0.000000 -64.000000) (448.000000 0.000000 -64.000000) (448.000000 0.000000 96.000000) (416.000000 0.000000 96.000000) 
4 1 3 (416.000000 0.000000 -48.000000) (416.000000 0.000000 -64.000000) (416.000000 -128.000000 -64.000000) (416.000000 -128.000000 -48.000000) 
4 1 2 (416.000000 0.000000 96.000000) (416.000000 0.000000 48.000000) (416.000000 -128.000000 48.000000) (416.000000 -128.000000 96.000000) 
4 2 5 (392.000000 0.000000 96.000000) (392.000000 0.000000 48.000000) (392.000000 -128.000000 48.000000) (392.000000 -128.000000 96.000000) 
4 2 4 (408.000000 -128.000000 48.000000) (392.000000 -128.000000 48.000000) (392.000000 0.000000 48.000000) (408.000000 0.000000 48.000000) 
4 3 4 (408.000000 0.000000 -48.000000) (408.000000 0.000000 -64.000000) (408.000000 -128.000000 -64.000000) (408.000000 -128.000000 -48.000000) 
4 4 7 (392.000000 0.000000 -48.000000) (392.000000 0.000000 -64.000000) (392.000000 -104.000000 -64.000000) (392.000000 -104.000000 -48.000000) 
4 4 5 (392.000000 0.000000 48.000000) (392.000000 0.000000 0.000000) (392.000000 -128.000000 0.000000) (392.000000 -128.000000 48.000000) 
4 4 6 (392.000000 0.000000 0.000000) (392.000000 0.000000 -48.000000) (392.000000 -128.000000 -48.000000) (392.000000 -128.000000 0.000000) 
4 5 9 (296.000000 0.000000 48.000000) (296.000000 0.000000 0.000000) (296.000000 -128.000000 0.000000) (296.000000 -128.000000 48.000000) 
4 5 8 (296.000000 0.000000 96.000000) (296.000000 0.000000 48.000000) (296.000000 -128.000000 48.000000) (296.000000 -128.000000 96.000000) 
4 5 6 (296.000000 -128.000000 0.000000) (296.000000 0.000000 0.000000) (392.000000 0.000000 0.000000) (392.000000 -128.000000 0.000000) 
4 6 9 (296.000000 0.000000 0.000000) (296.000000 0.000000 -48.000000) (296.000000 -128.000000 -48.000000) (296.000000 -128.000000 0.000000) 
4 6 7 (296.000000 0.000000 -48.000000) (392.000000 0.000000 -48.000000) (392.000000 -104.000000 -48.000000) (296.000000 -104.000000 -48.000000) 
4 7 12 (296.000000 0.000000 -48.000000) (296.000000 0.000000 -64.000000) (296.000000 -104.000000 -64.000000) (296.000000 -104.000000 -48.000000) 
4 8 17 (120.000000 -128.000000 48.000000) (120.000000 -128.000000 96.000000) (120.000000 -104.000000 96.000000) (120.000000 -104.000000 48.000000) 
4 8 16 (120.000000 -104.000000 96.000000) (120.000000 0.000000 96.000000) (120.000000 0.000000 48.000000) (120.000000 -104.000000 48.000000) 
4 8 10 (272.000000 -128.000000 48.000000) (144.000000 -128.000000 48.000000) (144.000000 0.000000 48.000000) (272.000000 0.000000 48.000000) 
4 8 9 (296.000000 -128.000000 48.000000) (280.000000 -128.000000 48.000000) (280.000000 0.000000 48.000000) (296.000000 0.000000 48.000000) 
4 8 11 (136.000000 -128.000000 48.000000) (120.000000 -128.000000 48.000000) (120.000000 0.000000 48.000000) (136.000000 0.000000 48.000000) 
4 9 13 (296.000000 -104.000000 -48.000000) (296.000000 -128.000000 -48.000000) (280.000000 -128.000000 -48.000000) (280.000000 -104.000000 -48.000000) 
4 9 12 (280.000000 0.000000 -48.000000) (296.000000 0.000000 -48.000000) (296.000000 -104.000000 -48.000000) (280.000000 -104.000000 -48.000000) 
4 10 15 (160.000000 -128.000000 -48.000000) (256.000000 -128.000000 -48.000000) (256.000000 -128.000000 0.000000) (160.000000 -128.000000 0.000000) 
4 10 13 (272.000000 -104.000000 -48.000000) (272.000000 -128.000000 -48.000000) (256.000000 -128.000000 -48.000000) (256.000000 -104.000000 -48.000000) 
4 10 14 (160.000000 -128.000000 -48.000000) (144.000000 -128.000000 -48.000000) (144.000000 -104.000000 -48.000000) (160.000000 -104.000000 -48.000000) 
4 10 12 (144.000000 0.000000 -48.000000) (272.000000 0.000000 -48.000000) (272.000000 -104.000000 -48.000000) (144.000000 -104.000000 -48.000000) 
4 11 17 (120.000000 -128.000000 0.000000) (120.000000 -128.000000 48.000000) (120.000000 -104.000000 48.000000) (120.000000 -104.000000 0.000000) 
4 11 18 (120.000000 -128.000000 -48.000000) (120.000000 -128.000000 0.000000) (120.000000 -104.000000 0.000000) (120.000000 -104.000000 -48.000000) 
4 11 16 (120.000000 -104.000000 48.000000) (120.000000 0.000000 48.000000) (120.000000 0.000000 -48.000000) (120.000000 -104.000000 -48.000000) 
4 11 14 (120.000000 -128.000000 -48.000000) (120.000000 -104.000000 -48.000000) (136.000000 -104.000000 -48.000000) (136.000000 -128.000000 -48.000000) 
4 11 12 (120.000000 -104.000000 -48.000000) (120.000000 0.000000 -48.000000) (136.000000 0.000000 -48.000000) (136.000000 -104.000000 -48.000000) 
4 12 16 (120.000000 0.000000 -64.000000) (120.000000 -104.000000 -64.000000) (120.000000 -104.000000 -48.000000) (120.000000 0.000000 -48.000000) 
4 12 13 (256.000000 -104.000000 -64.000000) (296.000000 -104.000000 -64.000000) (296.000000 -104.000000 -48.000000) (256.000000 -104.000000 -48.000000) 
4 12 14 (120.000000 -104.000000 -64.000000) (160.000000 -104.000000 -64.000000) (160.000000 -104.000000 -48.000000) (120.000000 -104.000000 -48.000000) 
4 16 20 (24.000000 0.000000 -64.000000) (24.000000 -104.000000 -64.000000) (24.000000 -104.000000 48.000000) (24.000000 0.000000 48.000000) 
4 16 19 (24.000000 -104.000000 48.000000) (24.000000 -104.000000 96.000000) (24.000000 0.000000 96.000000) (24.000000 0.000000 48.000000) 
4 16 17 (120.000000 -104.000000 0.000000) (120.000000 -104.000000 96.000000) (24.000000 -104.000000 96.000000) (24.000000 -104.000000 0.000000) 
4 16 18 (120.000000 -104.000000 -48.000000) (120.000000 -104.000000 0.000000) (24.000000 -104.000000 0.000000) (24.000000 -104.000000 -48.000000) 
4 17 20 (24.000000 -104.000000 48.000000) (24.000000 -104.000000 0.000000) (24.000000 -128.000000 0.000000) (24.000000 -128.000000 48.000000) 
4 17 19 (24.000000 -128.000000 96.000000) (24.000000 -104.000000 96.000000) (24.000000 -104.000000 48.000000) (24.000000 -128.000000 48.000000) 
4 17 18 (24.000000 -104.000000 0.000000) (120.000000 -104.000000 0.000000) (120.000000 -128.000000 0.000000) (24.000000 -128.000000 0.000000) 
4 18 20 (24.000000 -128.000000 0.000000) (24.000000 -104.000000 0.000000) (24.000000 -104.000000 -48.000000) (24.000000 -128.000000 -48.000000) 
4 19 23 (-16.000000 -128.000000 48.000000) (-16.000000 -128.000000 96.000000) (-16.000000 0.000000 96.000000) (-16.000000 0.000000 48.000000) 
4 19 21 (-16.000000 -128.000000 48.000000) (-16.000000 0.000000 48.000000) (-0.000000 0.000000 48.000000) (-0.000000 -128.000000 48.000000) 
4 19 20 (8.000000 0.000000 48.000000) (24.000000 0.000000 48.000000) (24.000000 -128.000000 48.000000) (8.000000 -128.000000 48.000000) 
4 20 22 (8.000000 0.000000 -48.000000) (8.000000 0.000000 -64.000000) (8.000000 -128.000000 -64.000000) (8.000000 -128.000000 -48.000000) 
4 21 23 (-16.000000 -128.000000 0.000000) (-16.000000 -128.000000 48.000000) (-16.000000 0.000000 48.000000) (-16.000000 0.000000 0.000000) 
4 21 24 (-16.000000 -128.000000 -48.000000) (-16.000000 -128.000000 0.000000) (-16.000000 0.000000 0.000000) (-16.000000 0.000000 -48.000000) 
4 21 22 (-0.000000 -128.000000 -48.000000) (-16.000000 -128.000000 -48.000000) (-16.000000 0.000000 -48.000000) (-0.000000 0.000000 -48.000000) 
4 22 25 (-16.000000 0.000000 -64.000000) (-16.000000 -104.000000 -64.000000) (-16.000000 -104.000000 -48.000000) (-16.000000 0.000000 -48.000000) 
4 23 27 (-112.000000 0.000000 48.000000) (-112.000000 0.000000 0.000000) (-112.000000 -128.000000 0.000000) (-112.000000 -128.000000 48.000000) 
4 23 26 (-112.000000 0.000000 96.000000) (-112.000000 0.000000 48.000000) (-112.000000 -128.000000 48.000000) (-112.000000 -128.000000 96.000000) 
4 23 24 (-112.000000 -128.000000 0.000000) (-112.000000 0.000000 0.000000) (-16.000000 0.000000 0.000000) (-16.000000 -128.000000 0.000000) 
4 24 27 (-112.000000 0.000000 0.000000) (-112.000000 0.000000 -48.000000) (-112.000000 -128.000000 -48.000000) (-112.000000 -128.000000 0.000000) 
4 24 25 (-112.000000 -104.000000 -48.000000) (-112.000000 0.000000 -48.000000) (-16.000000 0.000000 -48.000000) (-16.000000 -104.000000 -48.000000) 
4 25 29 (-112.000000 0.000000 -48.000000) (-112.000000 0.000000 -64.000000) (-112.000000 -104.000000 -64.000000) (-112.000000 -104.000000 -48.000000) 
4 26 27 (-128.000000 0.000000 48.000000) (-112.000000 0.000000 48.000000) (-112.000000 -128.000000 48.000000) (-128.000000 -128.000000 48.000000) 
4 26 28 (-136.000000 -128.000000 48.000000) (-136.000000 -128.000000 96.000000) (-136.000000 0.000000 96.000000) (-136.000000 0.000000 48.000000) 
4 27 29 (-128.000000 0.000000 -48.000000) (-112.000000 0.000000 -48.000000) (-112.000000 -128.000000 -48.000000) (-128.000000 -128.000000 -48.000000) 
4 28 29 (-192.000000 -128.000000 -48.000000) (-192.000000 0.000000 -48.000000) (-136.000000 0.000000 -48.000000) (-136.000000 -128.000000 -48.000000) 
4 30 31 (-192.000000 128.000000 -80.000000) (-192.000000 128.000000 -128.000000) (448.000000 128.000000 -128.000000) (448.000000 128.000000 -80.000000) 
