sdHLCSG v1.2.0 64-bit (Jul 11 2024)
seedee's Half-Life Compilation Tools
Based on code modifications by Sean 'Zoner' Cavanaugh and Vluzacn
Based on Valve's version, modified with permission.
Submit detailed bug reports to (github.com/seedee/SDHLT/issues)
-----  BEGIN  sdHLCSG -----
Command line: "C:\Program Files\J.A.C.K\CompilationTools\sdHLCSG_x64.exe" C:\Users\theje\NZP\nzp\maps\puketown -wadinclude jtext -wadinclude jwoc -wadinclude jdev -wadinclude jstuf -wadinclude jdepr 
Arguments: C:\Users\theje\NZP\nzp\maps\puketown -wadinclude jtext -wadinclude jwoc -wadinclude jdev -wadinclude jstuf -wadinclude jdepr -low 
Entering C:\Users\theje\NZP\nzp\maps\puketown.map

Current sdHLCSG Settings
Name                 |  Setting  |  Default
---------------------|-----------|-------------------------
threads               [      12 ] [  Varies ]
verbose               [     off ] [     off ]
log                   [      on ] [      on ]
reset logfile         [      on ] [      on ]
developer             [       0 ] [       0 ]
chart                 [      on ] [      on ]
estimate              [     off ] [     off ]
max texture memory    [ 33554432 ] [ 33554432 ]
max lighting memory   [ 50331648 ] [ 50331648 ]
priority              [     Low ] [  Normal ]

noclip                [     off ] [     off ]
null texture stripping[      on ] [      on ]
clipnode economy mode [     off ] [     off ]
clip hull type        [  simple ] [  simple ]
onlyents              [     off ] [     off ]
wadtextures           [      on ] [      on ]
skyclip               [      on ] [      on ]
hullfile              [    None ] [    None ]
wad.cfg file          [    None ] [    None ]
wad.cfg config name   [    None ] [    None ]
nullfile              [    None ] [    None ]
nullify trigger       [      on ] [      on ]
min surface area      [   0.000 ] [   0.000 ]
brush union threshold [   0.000 ] [   0.000 ]
map scaling           [    None ] [    None ]
light name optimize   [      on ] [      on ]
convert game_text     [      on ] [      on ]
world extent          [   65536 ] [   65536 ]

Loading mapfile wad configuration by default
Wadinclude list
---------------
sdhlt.wad
jtext
jwoc
jdev
jstuf
jdepr
---------------


CreateBrush:
 (0.12 seconds)
CSGBrush:
 (0.67 seconds)

No wad files used by the map
Additional wad files included
-----------------------------
[sdhlt.wad] 3/27 textures (2.50%)
 - /Users/theje/Assets/Jeyphr-s-Wads/SeeDee's Half Life Tools/sdhlt.wad
[JDEV.wad] 12/45 textures (10.00%)
 - /Users/theje/Assets/Jeyphr-s-Wads/Jeyphr's WADS/Half Life and NZP/JDEV.wad
[JSTUF.wad] 5/26 textures (4.17%)
 - /Users/theje/Assets/Jeyphr-s-Wads/Jeyphr's WADS/Half Life and NZP/JSTUF.wad
[JTEXT.wad] 64/231 textures (53.33%)
 - /Users/theje/Assets/Jeyphr-s-Wads/Jeyphr's WADS/Half Life and NZP/JTEXT.wad
[JWOC.wad] 36/265 textures (30.00%)
 - /Users/theje/Assets/Jeyphr-s-Wads/Jeyphr's WADS/Half Life and NZP/JWOC.wad
-----------------------------

Texture usage: 1.89/32.00 MB)

Object names  Objects/Maxobjs  Memory / Maxmem  Fullness
------------  ---------------  ---------------  --------
models              0/512            0/32768    ( 0.0%)
planes           8752/32768     175040/655360   (26.7%)
vertexes            0/65535          0/786420   ( 0.0%)
nodes               0/32767          0/786408   ( 0.0%)
texinfos         1661/32767      66440/1310680  ( 5.1%)
faces               0/65535          0/1310700  ( 0.0%)
* worldfaces        0/32768          0/0        ( 0.0%)
clipnodes           0/32767          0/262136   ( 0.0%)
leaves              0/32760          0/917280   ( 0.0%)
* worldleaves       0/8192           0/0        ( 0.0%)
marksurfaces        0/65535          0/131070   ( 0.0%)
surfedges           0/512000         0/2048000  ( 0.0%)
edges               0/256000         0/1024000  ( 0.0%)
texdata          [variable]    1982884/33554432 ( 5.9%)
lightdata        [variable]          0/50331648 ( 0.0%)
visdata          [variable]          0/8388608  ( 0.0%)
entdata          [variable]      28638/2097152  ( 1.4%)
* AllocBlock        0/64             0/0        ( 0.0%)
120 textures referenced
=== Total BSP file data space used: 2253002 bytes ===

No wad files required to run the map
0.90 seconds elapsed

-----   END   sdHLCSG -----



sdHLBSP v1.2.0 64-bit (Jul 11 2024)
seedee's Half-Life Compilation Tools
Based on code modifications by Sean 'Zoner' Cavanaugh and Vluzacn
Based on Valve's version, modified with permission.
Submit detailed bug reports to (github.com/seedee/SDHLT/issues)
-----  BEGIN  sdHLBSP -----
Command line: "C:\Program Files\J.A.C.K\CompilationTools\sdHLBSP_x64.exe" C:\Users\theje\NZP\nzp\maps\puketown 
Arguments: C:\Users\theje\NZP\nzp\maps\puketown -low 

Current sdHLBSP Settings
Name               |  Setting  |  Default
-------------------|-----------|-------------------------
threads             [      12 ] [  Varies ]
verbose             [     off ] [     off ]
log                 [      on ] [      on ]
developer           [       0 ] [       0 ]
chart               [      on ] [      on ]
estimate            [     off ] [     off ]
max texture memory  [ 33554432 ] [ 33554432 ]
priority            [     Low ] [  Normal ]

noclip              [     off ] [     off ]
nofill              [     off ] [     off ]
noinsidefill        [     off ] [     off ]
noopt               [     off ] [     off ]
no clipnode merging [     off ] [     off ]
null tex. stripping [      on ] [      on ]
notjunc             [     off ] [     off ]
nobrink             [     off ] [     off ]
subdivide size      [     240 ] [     240 ] (Min 64) (Max 512)
max node size       [    1024 ] [    1024 ] (Min 64) (Max 65536)
remove hull 2       [     off ] [     off ]


SolidBSP [hull 0] 500...1000...1500...2000...2500...3000...3500...3821 (0.31 seconds)
BSP generation successful, writing portal file 'C:\Users\theje\NZP\nzp\maps\puketown.prt'
SolidBSP [hull 1] 500...1000...1358 (0.09 seconds)
SolidBSP [hull 2] 500...1000...1283 (0.08 seconds)
SolidBSP [hull 3] 500...1000...1410 (0.09 seconds)
Reduced 5491 clipnodes to 5233
Reduced 1661 texinfos to 1333
Reduced 120 texdatas to 118 (1982884 bytes to 1970372)
Reduced 8752 planes to 3196
FixBrinks:
Increased 5233 clipnodes to 5262.

Object names  Objects/Maxobjs  Memory / Maxmem  Fullness
------------  ---------------  ---------------  --------
models             76/512         4864/32768    (14.8%)
planes           3196/32768      63920/655360   ( 9.8%)
vertexes         8350/65535     100200/786420   (12.7%)
nodes            4169/32767     100056/786408   (12.7%)
texinfos         1333/32767      53320/1310680  ( 4.1%)
faces            5745/65535     114900/1310700  ( 8.8%)
* worldfaces     5631/32768          0/0        (17.2%)
clipnodes        5262/32767      42096/262136   (16.1%)
leaves           2443/32760      68404/917280   ( 7.5%)
* worldleaves    1992/8192           0/0        (24.3%)
marksurfaces     7565/65535      15130/131070   (11.5%)
surfedges       27017/512000    108068/2048000  ( 5.3%)
edges           14645/256000     58580/1024000  ( 5.7%)
texdata          [variable]    1970372/33554432 ( 5.9%)
lightdata        [variable]          0/50331648 ( 0.0%)
visdata          [variable]          0/8388608  ( 0.0%)
entdata          [variable]      28638/2097152  ( 1.4%)
* AllocBlock       11/64             0/0        (17.2%)
118 textures referenced
=== Total BSP file data space used: 2728548 bytes ===

No wad files required to run the map
1.50 seconds elapsed

-----   END   sdHLBSP -----



sdHLVIS v1.2.0 64-bit (Jul 11 2024)
seedee's Half-Life Compilation Tools
Based on code modifications by Sean 'Zoner' Cavanaugh and Vluzacn
Based on Valve's version, modified with permission.
Submit detailed bug reports to (github.com/seedee/SDHLT/issues)
-----  BEGIN  sdHLVIS -----
Command line: "C:\Program Files\J.A.C.K\CompilationTools\sdHLVIS_x64.exe" C:\Users\theje\NZP\nzp\maps\puketown 
Arguments: C:\Users\theje\NZP\nzp\maps\puketown -low 
 355 portalleafs
 986 numportals

-= Current sdHLVIS Settings =-
Name               |  Setting  |  Default
-------------------|-----------|-------------------------
threads             [      12 ] [  Varies ]
verbose             [     off ] [     off ]
log                 [      on ] [      on ]
developer           [       0 ] [       0 ]
chart               [      on ] [      on ]
estimate            [     off ] [     off ]
max texture memory  [ 33554432 ] [ 33554432 ]
max vis distance    [       0 ] [       0 ]
priority            [     Low ] [  Normal ]

fast vis            [     off ] [     off ]
full vis            [     off ] [     off ]
nofixprt            [     off ] [     off ]


BasePortalVis:
 (0.01 seconds)
LeafThread:
 (1.23 seconds)
average leafs visible: 188
g_visdatasize:72288  compressed from 15975

Reading portal file 'C:\Users\theje\NZP\nzp\maps\puketown.prt'
Reduced 1343 lines to 988
Optimization for J.A.C.K. map editor successful, writing portal file 'C:\Users\theje\NZP\nzp\maps\puketown.prt'

Object names  Objects/Maxobjs  Memory / Maxmem  Fullness
------------  ---------------  ---------------  --------
models             76/512         4864/32768    (14.8%)
planes           3196/32768      63920/655360   ( 9.8%)
vertexes         8350/65535     100200/786420   (12.7%)
nodes            4169/32767     100056/786408   (12.7%)
texinfos         1333/32767      53320/1310680  ( 4.1%)
faces            5745/65535     114900/1310700  ( 8.8%)
* worldfaces     5631/32768          0/0        (17.2%)
clipnodes        5262/32767      42096/262136   (16.1%)
leaves           2443/32760      68404/917280   ( 7.5%)
* worldleaves    1992/8192           0/0        (24.3%)
marksurfaces     7565/65535      15130/131070   (11.5%)
surfedges       27017/512000    108068/2048000  ( 5.3%)
edges           14645/256000     58580/1024000  ( 5.7%)
texdata          [variable]    1970372/33554432 ( 5.9%)
lightdata        [variable]          0/50331648 ( 0.0%)
visdata          [variable]      72288/8388608  ( 0.9%)
entdata          [variable]      28638/2097152  ( 1.4%)
* AllocBlock       11/64             0/0        (17.2%)
118 textures referenced
=== Total BSP file data space used: 2800836 bytes ===

No wad files required to run the map
1.27 seconds elapsed

-----   END   sdHLVIS -----



sdHLRAD v1.2.0 64-bit (Jul 11 2024)
seedee's Half-Life Compilation Tools
Based on code modifications by Sean 'Zoner' Cavanaugh and Vluzacn
Based on Valve's version, modified with permission.
Submit detailed bug reports to (github.com/seedee/SDHLT/issues)
-----  BEGIN  sdHLRAD -----
Command line: "C:\Program Files\J.A.C.K\CompilationTools\sdHLRAD_x64.exe" C:\Users\theje\NZP\nzp\maps\puketown 
Arguments: C:\Users\theje\NZP\nzp\maps\puketown -low 

-= Current sdHLRAD Settings =-
Name                | Setting             | Default
--------------------|---------------------|-------------------------
threads              [                12 ] [            Varies ]
verbose              [               off ] [               off ]
log                  [                on ] [                on ]
developer            [                 0 ] [                 0 ]
chart                [                on ] [                on ]
estimate             [               off ] [               off ]
max texture memory   [          33554432 ] [          33554432 ]
max lighting memory  [          50331648 ] [          50331648 ]
priority             [               Low ] [            Normal ]

fast rad             [               off ] [               off ]
vismatrix algorithm  [            Sparse ] [            Sparse ]
pre-25th anniversary [               off ] [               off ]
oversampling (-extra)[               off ] [               off ]
bounces              [                 8 ] [                 8 ]
ambient light        [ 0.000 0.000 0.000 ] [ 0.000 0.000 0.000 ]
light limit threshold[           255.000 ] [           255.000 ]
circus mode          [               off ] [               off ]

smoothing threshold  [            50.000 ] [            50.000 ]
smoothing threshold 2[             0.000 ] [         no change ]
direct threshold     [            10.000 ] [            10.000 ]
direct light scale   [             1.000 ] [             1.000 ]
coring threshold     [             0.010 ] [             0.010 ]
patch interpolation  [                on ] [                on ]

texscale             [                on ] [                on ]
patch subdividing    [                on ] [                on ]
chop value           [            64.000 ] [            64.000 ]
texchop value        [            32.000 ] [            32.000 ]

global fade          [             1.000 ] [             1.000 ]
global texlight gap  [             0.000 ] [             0.000 ]
global light scale   [ 2.000 2.000 2.000 ] [ 2.000 2.000 2.000 ]
global gamma         [ 0.550 0.550 0.550 ] [ 0.550 0.550 0.550 ]
global light scale   [             2.000 ] [             2.000 ]
global sky diffusion [             1.000 ] [             1.000 ]

spread angles        [                on ] [                on ]
opaque brush models  [                on ] [                on ]
opaque studio models [                on ] [                on ]
sky lighting fix     [                on ] [                on ]
incremental          [               off ] [               off ]
dump                 [               off ] [               off ]

colour jitter        [       0.0 0.0 0.0 ] [       0.0 0.0 0.0 ]
monochromatic jitter [       0.0 0.0 0.0 ] [       0.0 0.0 0.0 ]

custom shadows with bounce light
                     [               off ] [               off ]
rgb transfers        [               off ] [               off ]
minimum final light  [                 0 ] [                 0 ]
size of transfer     [         1 (16bit) ] [         1 (16bit) ]
size of rgbtransfer  [         2 (32bit) ] [         2 (32bit) ]
soft sky             [                on ] [                on ]
translucent depth    [             2.000 ] [             2.000 ]
block opaque         [                on ] [                on ]
ignore textures      [               off ] [               off ]
reflectivity gamma   [             1.760 ] [             1.760 ]
reflectivity scale   [             0.700 ] [             0.700 ]
blur size            [             1.500 ] [             1.500 ]
no emitter range     [               off ] [               off ]
wall bleeding fix    [                on ] [                on ]


Load Textures:
118 textures referenced
Reading texlights from 'C:\Program Files\J.A.C.K\CompilationTools\lights.rad'
0 texlights parsed (C:\Program Files\J.A.C.K\CompilationTools\lights.rad)
0 opaque models
0 opaque faces
5745 faces
Create Patches : 11987 base patches
132183 square feet [19034432.00 square inches]
30 direct lights and 16386 fast direct lights
5 light styles
0 opaque studio models

FindFacePositions:
 (0.23 seconds)
BuildFacelights:
 (4.92 seconds)
BuildVisLeafs:
 (1.19 seconds)
visibility matrix   :   2.6 megs
MakeScales:
 (0.76 seconds)
Transfer Lists :     3760177 :     3.76M transfers
       Indices :     4729580 :     4.51M bytes
          Data :     7555757 :     7.21M bytes
Bounce 1 GatherLight:
 (0.02 seconds)
Bounce 2 GatherLight:
 (0.03 seconds)
Bounce 3 GatherLight:
 (0.03 seconds)
Bounce 4 GatherLight:
 (0.03 seconds)
Bounce 5 GatherLight:
 (0.02 seconds)
Bounce 6 GatherLight:
 (0.02 seconds)
Bounce 7 GatherLight:
 (0.02 seconds)
Bounce 8 GatherLight:
 (0.03 seconds)
CreateTriangulations:
 (0.02 seconds)
AddPatchLights:
 (0.51 seconds)
FinalLightFace:
 (0.01 seconds)

Object names  Objects/Maxobjs  Memory / Maxmem  Fullness
------------  ---------------  ---------------  --------
models             76/512         4864/32768    (14.8%)
planes           3196/32768      63920/655360   ( 9.8%)
vertexes         8350/65535     100200/786420   (12.7%)
nodes            4169/32767     100056/786408   (12.7%)
texinfos         1333/32767      53320/1310680  ( 4.1%)
faces            5745/65535     114900/1310700  ( 8.8%)
* worldfaces     5631/32768          0/0        (17.2%)
clipnodes        5262/32767      42096/262136   (16.1%)
leaves           2443/32760      68404/917280   ( 7.5%)
* worldleaves    1992/8192           0/0        (24.3%)
marksurfaces     7565/65535      15130/131070   (11.5%)
surfedges       27017/512000    108068/2048000  ( 5.3%)
edges           14645/256000     58580/1024000  ( 5.7%)
texdata          [variable]    1970372/33554432 ( 5.9%)
lightdata        [variable]     706380/50331648 ( 1.4%)
visdata          [variable]      72288/8388608  ( 0.9%)
entdata          [variable]      28638/2097152  ( 1.4%)
* AllocBlock       11/64             0/0        (17.2%)
118 textures referenced
=== Total BSP file data space used: 3507216 bytes ===

No wad files required to run the map
8.26 seconds elapsed

-----   END   sdHLRAD -----



