64
141
4 0 8 (392.000000 200.000000 128.000000) (392.000000 200.000000 320.000000) (384.000000 200.000000 320.000000) (384.000000 200.000000 128.000000) 
4 0 1 (384.000000 392.000000 128.000000) (384.000000 776.000000 128.000000) (392.000000 776.000000 128.000000) (392.000000 392.000000 128.000000) 
4 2 24 (-192.000000 776.000000 0.000000) (-192.000000 776.000000 320.000000) (-192.000000 784.000000 320.000000) (-192.000000 784.000000 0.000000) 
4 3 25 (-192.000000 200.000000 320.000000) (-192.000000 200.000000 328.000000) (-192.000000 776.000000 328.000000) (-192.000000 776.000000 320.000000) 
4 3 9 (384.000000 200.000000 320.000000) (384.000000 200.000000 328.000000) (-192.000000 200.000000 328.000000) (-192.000000 200.000000 320.000000) 
4 4 26 (-192.000000 200.000000 136.000000) (-192.000000 200.000000 320.000000) (-192.000000 776.000000 320.000000) (-192.000000 776.000000 136.000000) 
4 4 10 (384.000000 200.000000 136.000000) (384.000000 200.000000 320.000000) (-192.000000 200.000000 320.000000) (-192.000000 200.000000 136.000000) 
4 4 6 (192.000000 200.000000 136.000000) (0.000000 200.000000 136.000000) (0.000000 392.000000 136.000000) (192.000000 392.000000 136.000000) 
4 4 7 (0.000000 200.000000 136.000000) (-192.000000 200.000000 136.000000) (-192.000000 392.000000 136.000000) (0.000000 392.000000 136.000000) 
4 4 5 (-192.000000 392.000000 136.000000) (-192.000000 776.000000 136.000000) (384.000000 776.000000 136.000000) (384.000000 392.000000 136.000000) 
4 5 26 (-192.000000 392.000000 136.000000) (-192.000000 776.000000 136.000000) (-192.000000 776.000000 0.000000) (-192.000000 392.000000 0.000000) 
4 5 6 (192.000000 392.000000 136.000000) (0.000000 392.000000 136.000000) (0.000000 392.000000 56.000000) (192.000000 392.000000 56.000000) 
4 5 7 (0.000000 392.000000 136.000000) (-192.000000 392.000000 136.000000) (-192.000000 392.000000 0.000000) (0.000000 392.000000 0.000000) 
4 6 16 (0.000000 200.000000 128.000000) (0.000000 200.000000 56.000000) (192.000000 200.000000 56.000000) (192.000000 200.000000 128.000000) 
4 6 11 (192.000000 200.000000 136.000000) (0.000000 200.000000 136.000000) (0.000000 200.000000 128.000000) (192.000000 200.000000 128.000000) 
4 6 7 (0.000000 200.000000 56.000000) (0.000000 200.000000 136.000000) (0.000000 392.000000 136.000000) (0.000000 392.000000 56.000000) 
4 7 26 (-192.000000 200.000000 0.000000) (-192.000000 200.000000 136.000000) (-192.000000 392.000000 136.000000) (-192.000000 392.000000 0.000000) 
4 7 18 (-192.000000 200.000000 128.000000) (-192.000000 200.000000 56.000000) (0.000000 200.000000 56.000000) (0.000000 200.000000 128.000000) 
4 7 12 (-168.000000 200.000000 136.000000) (-192.000000 200.000000 136.000000) (-192.000000 200.000000 128.000000) (-168.000000 200.000000 128.000000) 
4 7 11 (0.000000 200.000000 136.000000) (-168.000000 200.000000 136.000000) (-168.000000 200.000000 128.000000) (0.000000 200.000000 128.000000) 
4 9 28 (-192.000000 200.000000 328.000000) (-192.000000 200.000000 320.000000) (-192.000000 -192.000000 320.000000) (-192.000000 -192.000000 328.000000) 
4 10 30 (-192.000000 200.000000 320.000000) (-192.000000 200.000000 136.000000) (-192.000000 -192.000000 136.000000) (-192.000000 -192.000000 320.000000) 
4 10 12 (-192.000000 24.000000 136.000000) (-192.000000 200.000000 136.000000) (-168.000000 200.000000 136.000000) (-168.000000 24.000000 136.000000) 
4 10 11 (-168.000000 200.000000 136.000000) (360.000000 200.000000 136.000000) (360.000000 -168.000000 136.000000) (-168.000000 -168.000000 136.000000) 
4 11 23 (360.000000 -32.000000 128.000000) (360.000000 -168.000000 128.000000) (-168.000000 -168.000000 128.000000) (-168.000000 -32.000000 128.000000) 
4 11 20 (360.000000 -0.000000 128.000000) (360.000000 -32.000000 128.000000) (-168.000000 -32.000000 128.000000) (-168.000000 -0.000000 128.000000) 
4 11 18 (-168.000000 200.000000 128.000000) (0.000000 200.000000 128.000000) (0.000000 0.000000 128.000000) (-168.000000 -0.000000 128.000000) 
4 11 17 (192.000000 8.000000 128.000000) (192.000000 0.000000 128.000000) (0.000000 0.000000 128.000000) (0.000000 8.000000 128.000000) 
4 11 16 (0.000000 200.000000 128.000000) (192.000000 200.000000 128.000000) (192.000000 8.000000 128.000000) (0.000000 8.000000 128.000000) 
4 11 14 (192.000000 200.000000 128.000000) (360.000000 200.000000 128.000000) (360.000000 -0.000000 128.000000) (192.000000 0.000000 128.000000) 
4 11 12 (-168.000000 24.000000 136.000000) (-168.000000 200.000000 136.000000) (-168.000000 200.000000 128.000000) (-168.000000 24.000000 128.000000) 
4 12 38 (-192.000000 200.000000 136.000000) (-192.000000 200.000000 128.000000) (-192.000000 24.000000 128.000000) (-192.000000 24.000000 136.000000) 
4 12 18 (-192.000000 24.000000 128.000000) (-192.000000 200.000000 128.000000) (-168.000000 200.000000 128.000000) (-168.000000 24.000000 128.000000) 
4 13 48 (-192.000000 -192.000000 136.000000) (-192.000000 -192.000000 128.000000) (-192.000000 -200.000000 128.000000) (-192.000000 -200.000000 136.000000) 
4 13 31 (-192.000000 -192.000000 320.000000) (-192.000000 -192.000000 136.000000) (-192.000000 -200.000000 136.000000) (-192.000000 -200.000000 320.000000) 
4 14 20 (384.000000 0.000000 128.000000) (192.000000 0.000000 128.000000) (192.000000 0.000000 56.000000) (384.000000 0.000000 56.000000) 
4 14 17 (192.000000 8.000000 56.000000) (192.000000 0.000000 56.000000) (192.000000 -0.000000 128.000000) (192.000000 8.000000 128.000000) 
4 14 16 (192.000000 200.000000 128.000000) (192.000000 200.000000 56.000000) (192.000000 8.000000 56.000000) (192.000000 8.000000 128.000000) 
4 14 15 (384.000000 0.000000 56.000000) (200.000000 0.000000 56.000000) (200.000000 192.000000 56.000000) (384.000000 192.000000 56.000000) 
4 15 21 (200.000000 0.000000 0.000000) (384.000000 0.000000 0.000000) (384.000000 0.000000 16.000000) (200.000000 0.000000 16.000000) 
4 15 20 (384.000000 0.000000 16.000000) (384.000000 0.000000 56.000000) (200.000000 0.000000 56.000000) (200.000000 0.000000 16.000000) 
4 16 18 (0.000000 8.000000 128.000000) (0.000000 200.000000 128.000000) (0.000000 200.000000 56.000000) (0.000000 8.000000 56.000000) 
4 16 17 (192.000000 8.000000 56.000000) (192.000000 8.000000 128.000000) (0.000000 8.000000 128.000000) (0.000000 8.000000 56.000000) 
4 17 20 (192.000000 0.000000 128.000000) (0.000000 0.000000 128.000000) (0.000000 0.000000 56.000000) (192.000000 0.000000 56.000000) 
4 17 18 (0.000000 0.000000 56.000000) (0.000000 0.000000 128.000000) (0.000000 8.000000 128.000000) (0.000000 8.000000 56.000000) 
4 18 40 (-192.000000 -0.000000 128.000000) (-192.000000 24.000000 128.000000) (-192.000000 24.000000 56.000000) (-192.000000 0.000000 56.000000) 
4 18 38 (-192.000000 24.000000 128.000000) (-192.000000 200.000000 128.000000) (-192.000000 200.000000 56.000000) (-192.000000 24.000000 56.000000) 
4 18 20 (0.000000 0.000000 128.000000) (-192.000000 0.000000 128.000000) (-192.000000 0.000000 56.000000) (0.000000 0.000000 56.000000) 
4 18 19 (-192.000000 -0.000000 56.000000) (-192.000000 192.000000 56.000000) (-8.000000 192.000000 56.000000) (-8.000000 0.000000 56.000000) 
4 19 40 (-192.000000 24.000000 0.000000) (-192.000000 -0.000000 0.000000) (-192.000000 0.000000 56.000000) (-192.000000 24.000000 56.000000) 
4 19 39 (-192.000000 192.000000 0.000000) (-192.000000 24.000000 0.000000) (-192.000000 24.000000 56.000000) (-192.000000 192.000000 56.000000) 
4 19 22 (-192.000000 0.000000 16.000000) (-192.000000 0.000000 0.000000) (-8.000000 0.000000 0.000000) (-8.000000 0.000000 16.000000) 
4 19 20 (-192.000000 0.000000 56.000000) (-192.000000 0.000000 16.000000) (-8.000000 0.000000 16.000000) (-8.000000 0.000000 56.000000) 
4 20 23 (384.000000 -32.000000 128.000000) (-192.000000 -32.000000 128.000000) (-192.000000 -32.000000 16.000000) (384.000000 -32.000000 16.000000) 
4 20 21 (144.000000 0.000000 16.000000) (384.000000 0.000000 16.000000) (384.000000 -32.000000 16.000000) (144.000000 -32.000000 16.000000) 
4 20 22 (-192.000000 -32.000000 16.000000) (-192.000000 0.000000 16.000000) (48.000000 0.000000 16.000000) (48.000000 -32.000000 16.000000) 
4 21 23 (144.000000 -32.000000 0.000000) (384.000000 -32.000000 0.000000) (384.000000 -32.000000 16.000000) (144.000000 -32.000000 16.000000) 
4 22 23 (-192.000000 -32.000000 16.000000) (-192.000000 -32.000000 0.000000) (48.000000 -32.000000 0.000000) (48.000000 -32.000000 16.000000) 
4 25 28 (-192.000000 200.000000 320.000000) (-192.000000 200.000000 328.000000) (-1152.000000 200.000000 328.000000) (-1152.000000 200.000000 320.000000) 
4 26 55 (-1152.000000 200.000000 128.000000) (-1152.000000 200.000000 0.000000) (-768.000000 200.000000 0.000000) (-768.000000 200.000000 128.000000) 
4 26 53 (-600.000000 200.000000 56.000000) (-600.000000 200.000000 128.000000) (-768.000000 200.000000 128.000000) (-768.000000 200.000000 56.000000) 
4 26 51 (-600.000000 200.000000 136.000000) (-1152.000000 200.000000 136.000000) (-1152.000000 200.000000 128.000000) (-600.000000 200.000000 128.000000) 
4 26 38 (-192.000000 200.000000 56.000000) (-192.000000 200.000000 136.000000) (-600.000000 200.000000 136.000000) (-600.000000 200.000000 56.000000) 
4 26 37 (-1152.000000 200.000000 192.000000) (-1152.000000 200.000000 136.000000) (-960.000000 200.000000 136.000000) (-960.000000 200.000000 192.000000) 
4 26 36 (-960.000000 200.000000 136.000000) (-568.000000 200.000000 136.000000) (-568.000000 200.000000 192.000000) (-960.000000 200.000000 192.000000) 
4 26 35 (-568.000000 200.000000 320.000000) (-1152.000000 200.000000 320.000000) (-1152.000000 200.000000 192.000000) (-568.000000 200.000000 192.000000) 
4 26 32 (-200.000000 200.000000 320.000000) (-568.000000 200.000000 320.000000) (-568.000000 200.000000 136.000000) (-200.000000 200.000000 136.000000) 
4 26 30 (-192.000000 200.000000 136.000000) (-192.000000 200.000000 320.000000) (-200.000000 200.000000 320.000000) (-200.000000 200.000000 136.000000) 
4 27 62 (-1152.000000 200.000000 0.000000) (-1152.000000 200.000000 56.000000) (-1160.000000 200.000000 56.000000) (-1160.000000 200.000000 0.000000) 
4 27 61 (-1152.000000 200.000000 56.000000) (-1152.000000 200.000000 320.000000) (-1160.000000 200.000000 320.000000) (-1160.000000 200.000000 56.000000) 
4 28 33 (-200.000000 -8.000000 320.000000) (-200.000000 -192.000000 320.000000) (-568.000000 -192.000000 320.000000) (-568.000000 -8.000000 320.000000) 
4 28 29 (-1152.000000 -192.000000 328.000000) (-1152.000000 -192.000000 320.000000) (-568.000000 -192.000000 320.000000) (-568.000000 -192.000000 328.000000) 
4 30 38 (-200.000000 24.000000 136.000000) (-200.000000 200.000000 136.000000) (-192.000000 200.000000 136.000000) (-192.000000 24.000000 136.000000) 
4 30 32 (-200.000000 200.000000 320.000000) (-200.000000 200.000000 136.000000) (-200.000000 -8.000000 136.000000) (-200.000000 -8.000000 320.000000) 
4 31 48 (-200.000000 -200.000000 136.000000) (-200.000000 -192.000000 136.000000) (-192.000000 -192.000000 136.000000) (-192.000000 -200.000000 136.000000) 
4 32 38 (-568.000000 24.000000 136.000000) (-568.000000 200.000000 136.000000) (-200.000000 200.000000 136.000000) (-200.000000 24.000000 136.000000) 
4 32 36 (-568.000000 200.000000 136.000000) (-568.000000 -8.000000 136.000000) (-568.000000 -8.000000 192.000000) (-568.000000 200.000000 192.000000) 
4 32 35 (-568.000000 -8.000000 192.000000) (-568.000000 -8.000000 320.000000) (-568.000000 200.000000 320.000000) (-568.000000 200.000000 192.000000) 
4 33 34 (-568.000000 -192.000000 136.000000) (-560.000000 -192.000000 136.000000) (-560.000000 -192.000000 320.000000) (-568.000000 -192.000000 320.000000) 
4 35 37 (-1152.000000 -192.000000 192.000000) (-1152.000000 200.000000 192.000000) (-960.000000 200.000000 192.000000) (-960.000000 -192.000000 192.000000) 
4 35 36 (-960.000000 200.000000 192.000000) (-568.000000 200.000000 192.000000) (-568.000000 -384.000000 192.000000) (-960.000000 -384.000000 192.000000) 
4 36 52 (-960.000000 -360.000000 136.000000) (-960.000000 -192.000000 136.000000) (-600.000000 -192.000000 136.000000) (-600.000000 -360.000000 136.000000) 
4 36 51 (-960.000000 -192.000000 136.000000) (-960.000000 200.000000 136.000000) (-600.000000 200.000000 136.000000) (-600.000000 -192.000000 136.000000) 
4 36 38 (-600.000000 24.000000 136.000000) (-600.000000 200.000000 136.000000) (-568.000000 200.000000 136.000000) (-568.000000 24.000000 136.000000) 
4 36 37 (-960.000000 200.000000 192.000000) (-960.000000 200.000000 136.000000) (-960.000000 -192.000000 136.000000) (-960.000000 -192.000000 192.000000) 
4 37 51 (-1152.000000 -192.000000 136.000000) (-1152.000000 200.000000 136.000000) (-960.000000 200.000000 136.000000) (-960.000000 -192.000000 136.000000) 
4 38 53 (-600.000000 200.000000 128.000000) (-600.000000 200.000000 56.000000) (-600.000000 24.000000 56.000000) (-600.000000 24.000000 128.000000) 
4 38 51 (-600.000000 24.000000 136.000000) (-600.000000 200.000000 136.000000) (-600.000000 200.000000 128.000000) (-600.000000 24.000000 128.000000) 
4 38 49 (-600.000000 24.000000 128.000000) (-600.000000 24.000000 56.000000) (-568.000000 24.000000 56.000000) (-568.000000 24.000000 128.000000) 
4 38 46 (-568.000000 24.000000 128.000000) (-568.000000 24.000000 56.000000) (-448.000000 24.000000 56.000000) (-448.000000 24.000000 128.000000) 
4 38 43 (-320.000000 24.000000 96.000000) (-320.000000 24.000000 128.000000) (-448.000000 24.000000 128.000000) (-448.000000 24.000000 96.000000) 
4 38 45 (-448.000000 24.000000 56.000000) (-320.000000 24.000000 56.000000) (-320.000000 24.000000 96.000000) (-448.000000 24.000000 96.000000) 
4 38 41 (-320.000000 24.000000 56.000000) (-288.000000 24.000000 56.000000) (-288.000000 24.000000 128.000000) (-320.000000 24.000000 128.000000) 
4 38 40 (-192.000000 24.000000 56.000000) (-192.000000 24.000000 128.000000) (-288.000000 24.000000 128.000000) (-288.000000 24.000000 56.000000) 
4 38 39 (-600.000000 24.000000 56.000000) (-600.000000 192.000000 56.000000) (-192.000000 192.000000 56.000000) (-192.000000 24.000000 56.000000) 
4 39 54 (-600.000000 192.000000 0.000000) (-600.000000 24.000000 0.000000) (-600.000000 24.000000 56.000000) (-600.000000 192.000000 56.000000) 
4 39 49 (-600.000000 24.000000 0.000000) (-568.000000 24.000000 0.000000) (-568.000000 24.000000 56.000000) (-600.000000 24.000000 56.000000) 
4 39 46 (-568.000000 24.000000 0.000000) (-448.000000 24.000000 0.000000) (-448.000000 24.000000 56.000000) (-568.000000 24.000000 56.000000) 
4 39 45 (-448.000000 24.000000 0.000000) (-320.000000 24.000000 0.000000) (-320.000000 24.000000 56.000000) (-448.000000 24.000000 56.000000) 
4 39 41 (-320.000000 24.000000 0.000000) (-288.000000 24.000000 0.000000) (-288.000000 24.000000 56.000000) (-320.000000 24.000000 56.000000) 
4 39 40 (-288.000000 24.000000 0.000000) (-192.000000 24.000000 0.000000) (-192.000000 24.000000 56.000000) (-288.000000 24.000000 56.000000) 
4 40 41 (-288.000000 24.000000 128.000000) (-288.000000 24.000000 0.000000) (-288.000000 -0.000000 0.000000) (-288.000000 0.000000 128.000000) 
4 41 43 (-320.000000 24.000000 128.000000) (-320.000000 24.000000 96.000000) (-320.000000 0.000000 96.000000) (-320.000000 -0.000000 128.000000) 
4 41 45 (-320.000000 24.000000 96.000000) (-320.000000 24.000000 0.000000) (-320.000000 -0.000000 0.000000) (-320.000000 0.000000 96.000000) 
4 42 44 (-320.000000 -192.000000 96.000000) (-320.000000 -192.000000 128.000000) (-320.000000 -8.000000 128.000000) (-320.000000 -8.000000 96.000000) 
4 42 45 (-320.000000 -8.000000 0.000000) (-320.000000 -192.000000 0.000000) (-320.000000 -192.000000 96.000000) (-320.000000 -8.000000 96.000000) 
4 43 46 (-448.000000 -0.000000 128.000000) (-448.000000 24.000000 128.000000) (-448.000000 24.000000 96.000000) (-448.000000 -0.000000 96.000000) 
4 43 45 (-448.000000 -0.000000 96.000000) (-448.000000 24.000000 96.000000) (-320.000000 24.000000 96.000000) (-320.000000 -0.000000 96.000000) 
4 44 47 (-448.000000 -192.000000 128.000000) (-448.000000 -8.000000 128.000000) (-448.000000 -8.000000 96.000000) (-448.000000 -192.000000 96.000000) 
4 44 45 (-448.000000 -192.000000 96.000000) (-448.000000 -8.000000 96.000000) (-320.000000 -8.000000 96.000000) (-320.000000 -192.000000 96.000000) 
4 45 47 (-448.000000 -8.000000 0.000000) (-448.000000 -192.000000 0.000000) (-448.000000 -192.000000 96.000000) (-448.000000 -8.000000 96.000000) 
4 45 46 (-448.000000 24.000000 96.000000) (-448.000000 24.000000 0.000000) (-448.000000 -0.000000 0.000000) (-448.000000 -0.000000 96.000000) 
4 46 49 (-568.000000 24.000000 128.000000) (-568.000000 24.000000 0.000000) (-568.000000 -0.000000 0.000000) (-568.000000 -0.000000 128.000000) 
4 49 54 (-600.000000 24.000000 56.000000) (-600.000000 24.000000 0.000000) (-600.000000 -0.000000 0.000000) (-600.000000 0.000000 56.000000) 
4 49 53 (-600.000000 -0.000000 128.000000) (-600.000000 24.000000 128.000000) (-600.000000 24.000000 56.000000) (-600.000000 0.000000 56.000000) 
4 49 50 (-600.000000 0.000000 128.000000) (-600.000000 0.000000 0.000000) (-576.000000 0.000000 0.000000) (-576.000000 0.000000 128.000000) 
4 50 57 (-600.000000 -232.000000 128.000000) (-600.000000 -200.000000 128.000000) (-600.000000 -200.000000 0.000000) (-600.000000 -232.000000 0.000000) 
4 50 60 (-600.000000 -384.000000 0.000000) (-600.000000 -384.000000 128.000000) (-600.000000 -232.000000 128.000000) (-600.000000 -232.000000 0.000000) 
4 50 54 (-600.000000 0.000000 56.000000) (-600.000000 -0.000000 0.000000) (-600.000000 -200.000000 0.000000) (-600.000000 -200.000000 56.000000) 
4 50 53 (-600.000000 -200.000000 128.000000) (-600.000000 -0.000000 128.000000) (-600.000000 0.000000 56.000000) (-600.000000 -200.000000 56.000000) 
4 51 55 (-1152.000000 200.000000 128.000000) (-768.000000 200.000000 128.000000) (-768.000000 8.000000 128.000000) (-1152.000000 8.000000 128.000000) 
4 51 53 (-768.000000 200.000000 128.000000) (-600.000000 200.000000 128.000000) (-600.000000 -192.000000 128.000000) (-768.000000 -192.000000 128.000000) 
4 51 52 (-600.000000 -192.000000 128.000000) (-600.000000 -192.000000 136.000000) (-960.000000 -192.000000 136.000000) (-960.000000 -192.000000 128.000000) 
4 52 58 (-812.000000 -232.000000 128.000000) (-960.000000 -232.000000 128.000000) (-960.000000 -200.000000 128.000000) (-812.000000 -200.000000 128.000000) 
4 52 57 (-600.000000 -200.000000 128.000000) (-600.000000 -232.000000 128.000000) (-812.000000 -232.000000 128.000000) (-812.000000 -200.000000 128.000000) 
4 52 60 (-600.000000 -232.000000 128.000000) (-600.000000 -360.000000 128.000000) (-960.000000 -360.000000 128.000000) (-960.000000 -232.000000 128.000000) 
4 52 56 (-768.000000 -200.000000 128.000000) (-960.000000 -200.000000 128.000000) (-960.000000 -192.000000 128.000000) (-768.000000 -192.000000 128.000000) 
4 52 53 (-600.000000 -192.000000 128.000000) (-600.000000 -200.000000 128.000000) (-768.000000 -200.000000 128.000000) (-768.000000 -192.000000 128.000000) 
4 53 57 (-600.000000 -200.000000 128.000000) (-768.000000 -200.000000 128.000000) (-768.000000 -200.000000 56.000000) (-600.000000 -200.000000 56.000000) 
4 53 56 (-768.000000 -192.000000 56.000000) (-768.000000 -200.000000 56.000000) (-768.000000 -200.000000 128.000000) (-768.000000 -192.000000 128.000000) 
4 53 55 (-768.000000 200.000000 128.000000) (-768.000000 200.000000 56.000000) (-768.000000 8.000000 56.000000) (-768.000000 8.000000 128.000000) 
4 53 54 (-600.000000 -200.000000 56.000000) (-760.000000 -200.000000 56.000000) (-760.000000 192.000000 56.000000) (-600.000000 192.000000 56.000000) 
4 54 57 (-760.000000 -200.000000 0.000000) (-600.000000 -200.000000 0.000000) (-600.000000 -200.000000 56.000000) (-760.000000 -200.000000 56.000000) 
4 56 58 (-812.000000 -200.000000 128.000000) (-960.000000 -200.000000 128.000000) (-960.000000 -200.000000 56.000000) (-812.000000 -200.000000 56.000000) 
4 56 57 (-768.000000 -200.000000 128.000000) (-812.000000 -200.000000 128.000000) (-812.000000 -200.000000 56.000000) (-768.000000 -200.000000 56.000000) 
4 57 58 (-812.000000 -200.000000 128.000000) (-812.000000 -200.000000 16.000000) (-812.000000 -232.000000 16.000000) (-812.000000 -232.000000 128.000000) 
4 57 60 (-812.000000 -232.000000 0.000000) (-600.000000 -232.000000 0.000000) (-600.000000 -232.000000 128.000000) (-812.000000 -232.000000 128.000000) 
4 58 59 (-908.000000 -232.000000 16.000000) (-960.000000 -232.000000 16.000000) (-960.000000 -200.000000 16.000000) (-908.000000 -200.000000 16.000000) 
4 58 60 (-812.000000 -232.000000 16.000000) (-812.000000 -232.000000 128.000000) (-960.000000 -232.000000 128.000000) (-960.000000 -232.000000 16.000000) 
4 59 60 (-960.000000 -232.000000 0.000000) (-908.000000 -232.000000 0.000000) (-908.000000 -232.000000 16.000000) (-960.000000 -232.000000 16.000000) 
4 61 62 (-1160.000000 -192.000000 56.000000) (-1160.000000 200.000000 56.000000) (-1152.000000 200.000000 56.000000) (-1152.000000 -192.000000 56.000000) 
