sdHLCSG v1.2.0 64-bit (Jul 11 2024)
seedee's Half-Life Compilation Tools
Based on code modifications by Sean 'Zoner' Cavanaugh and Vluzacn
Based on Valve's version, modified with permission.
Submit detailed bug reports to (github.com/seedee/SDHLT/issues)
-----  BEGIN  sdHLCSG -----
Command line: "C:\Program Files\J.A.C.K\CompilationTools\sdHLCSG_x64.exe" C:\Users\theje\NZP\nzp\maps\sth -wadinclude jtext -wadinclude jwoc -wadinclude jdev -wadinclude jstuf -wadinclude jdepr 
Arguments: C:\Users\theje\NZP\nzp\maps\sth -wadinclude jtext -wadinclude jwoc -wadinclude jdev -wadinclude jstuf -wadinclude jdepr -low 
Entering C:\Users\theje\NZP\nzp\maps\sth.map

Current sdHLCSG Settings
Name                 |  Setting  |  Default
---------------------|-----------|-------------------------
threads               [      12 ] [  Varies ]
verbose               [     off ] [     off ]
log                   [      on ] [      on ]
reset logfile         [      on ] [      on ]
developer             [       0 ] [       0 ]
chart                 [      on ] [      on ]
estimate              [     off ] [     off ]
max texture memory    [ 33554432 ] [ 33554432 ]
max lighting memory   [ 50331648 ] [ 50331648 ]
priority              [     Low ] [  Normal ]

noclip                [     off ] [     off ]
null texture stripping[      on ] [      on ]
clipnode economy mode [     off ] [     off ]
clip hull type        [  simple ] [  simple ]
onlyents              [     off ] [     off ]
wadtextures           [      on ] [      on ]
skyclip               [      on ] [      on ]
hullfile              [    None ] [    None ]
wad.cfg file          [    None ] [    None ]
wad.cfg config name   [    None ] [    None ]
nullfile              [    None ] [    None ]
nullify trigger       [      on ] [      on ]
min surface area      [   0.000 ] [   0.000 ]
brush union threshold [   0.000 ] [   0.000 ]
map scaling           [    None ] [    None ]
light name optimize   [      on ] [      on ]
convert game_text     [      on ] [      on ]
world extent          [   65536 ] [   65536 ]

Loading mapfile wad configuration by default
Wadinclude list
---------------
sdhlt.wad
jtext
jwoc
jdev
jstuf
jdepr
---------------


CreateBrush:
 (0.10 seconds)
CSGBrush:
 (0.82 seconds)

No wad files used by the map
Additional wad files included
-----------------------------
[sdhlt.wad] 4/27 textures (16.67%)
 - /Users/theje/Assets/Jeyphr-s-Wads/SeeDee's Half Life Tools/sdhlt.wad
[JTEXT.wad] 10/233 textures (41.67%)
 - /Users/theje/Assets/Jeyphr-s-Wads/Jeyphr's WADS/Half Life and NZP/JTEXT.wad
[JWOC.wad] 10/265 textures (41.67%)
 - /Users/theje/Assets/Jeyphr-s-Wads/Jeyphr's WADS/Half Life and NZP/JWOC.wad
-----------------------------

Texture usage: 0.66/32.00 MB)

Object names  Objects/Maxobjs  Memory / Maxmem  Fullness
------------  ---------------  ---------------  --------
models              0/512            0/32768    ( 0.0%)
planes           9832/32768     196640/655360   (30.0%)
vertexes            0/65535          0/786420   ( 0.0%)
nodes               0/32767          0/786408   ( 0.0%)
texinfos         1442/32767      57680/1310680  ( 4.4%)
faces               0/65535          0/1310700  ( 0.0%)
* worldfaces        0/32768          0/0        ( 0.0%)
clipnodes           0/32767          0/262136   ( 0.0%)
leaves              0/32760          0/917280   ( 0.0%)
* worldleaves       0/8192           0/0        ( 0.0%)
marksurfaces        0/65535          0/131070   ( 0.0%)
surfedges           0/512000         0/2048000  ( 0.0%)
edges               0/256000         0/1024000  ( 0.0%)
texdata          [variable]     691768/33554432 ( 2.1%)
lightdata        [variable]          0/50331648 ( 0.0%)
visdata          [variable]          0/8388608  ( 0.0%)
entdata          [variable]      18542/2097152  ( 0.9%)
* AllocBlock        0/64             0/0        ( 0.0%)
24 textures referenced
=== Total BSP file data space used: 964630 bytes ===

No wad files required to run the map
1.00 seconds elapsed

-----   END   sdHLCSG -----



sdHLBSP v1.2.0 64-bit (Jul 11 2024)
seedee's Half-Life Compilation Tools
Based on code modifications by Sean 'Zoner' Cavanaugh and Vluzacn
Based on Valve's version, modified with permission.
Submit detailed bug reports to (github.com/seedee/SDHLT/issues)
-----  BEGIN  sdHLBSP -----
Command line: "C:\Program Files\J.A.C.K\CompilationTools\sdHLBSP_x64.exe" C:\Users\theje\NZP\nzp\maps\sth 
Arguments: C:\Users\theje\NZP\nzp\maps\sth -low 

Current sdHLBSP Settings
Name               |  Setting  |  Default
-------------------|-----------|-------------------------
threads             [      12 ] [  Varies ]
verbose             [     off ] [     off ]
log                 [      on ] [      on ]
developer           [       0 ] [       0 ]
chart               [      on ] [      on ]
estimate            [     off ] [     off ]
max texture memory  [ 33554432 ] [ 33554432 ]
priority            [     Low ] [  Normal ]

noclip              [     off ] [     off ]
nofill              [     off ] [     off ]
noinsidefill        [     off ] [     off ]
noopt               [     off ] [     off ]
no clipnode merging [     off ] [     off ]
null tex. stripping [      on ] [      on ]
notjunc             [     off ] [     off ]
nobrink             [     off ] [     off ]
subdivide size      [     240 ] [     240 ] (Min 64) (Max 512)
max node size       [    1024 ] [    1024 ] (Min 64) (Max 65536)
remove hull 2       [     off ] [     off ]


SolidBSP [hull 0] 500...1000...1500...2000...2314 (0.19 seconds)
BSP generation successful, writing portal file 'C:\Users\theje\NZP\nzp\maps\sth.prt'
SolidBSP [hull 1] 500...1000...1500...2000...2185 (0.17 seconds)
SolidBSP [hull 2] 500...1000...1500...1838 (0.13 seconds)
SolidBSP [hull 3] 500...1000...1500...2000...2430 (0.18 seconds)
Reduced 5685 clipnodes to 5249
Reduced 1442 texinfos to 1030
Reduced 24 texdatas to 20 (691768 bytes to 658584)
Reduced 9832 planes to 2525
FixBrinks:
Increased 5249 clipnodes to 5664.

Object names  Objects/Maxobjs  Memory / Maxmem  Fullness
------------  ---------------  ---------------  --------
models             14/512          896/32768    ( 2.7%)
planes           2525/32768      50500/655360   ( 7.7%)
vertexes         4653/65535      55836/786420   ( 7.1%)
nodes            2420/32767      58080/786408   ( 7.4%)
texinfos         1030/32767      41200/1310680  ( 3.1%)
faces            4038/65535      80760/1310700  ( 6.2%)
* worldfaces     4038/32768          0/0        (12.3%)
clipnodes        5664/32767      45312/262136   (17.3%)
leaves           1433/32760      40124/917280   ( 4.4%)
* worldleaves    1331/8192           0/0        (16.2%)
marksurfaces     5302/65535      10604/131070   ( 8.1%)
surfedges       18708/512000     74832/2048000  ( 3.7%)
edges            9806/256000     39224/1024000  ( 3.8%)
texdata          [variable]     658584/33554432 ( 2.0%)
lightdata        [variable]          0/50331648 ( 0.0%)
visdata          [variable]          0/8388608  ( 0.0%)
entdata          [variable]      18542/2097152  ( 0.9%)
* AllocBlock        5/64             0/0        ( 7.8%)
20 textures referenced
=== Total BSP file data space used: 1174494 bytes ===

No wad files required to run the map
1.52 seconds elapsed

-----   END   sdHLBSP -----



sdHLVIS v1.2.0 64-bit (Jul 11 2024)
seedee's Half-Life Compilation Tools
Based on code modifications by Sean 'Zoner' Cavanaugh and Vluzacn
Based on Valve's version, modified with permission.
Submit detailed bug reports to (github.com/seedee/SDHLT/issues)
-----  BEGIN  sdHLVIS -----
Command line: "C:\Program Files\J.A.C.K\CompilationTools\sdHLVIS_x64.exe" C:\Users\theje\NZP\nzp\maps\sth 
Arguments: C:\Users\theje\NZP\nzp\maps\sth -low 
 670 portalleafs
2039 numportals

-= Current sdHLVIS Settings =-
Name               |  Setting  |  Default
-------------------|-----------|-------------------------
threads             [      12 ] [  Varies ]
verbose             [     off ] [     off ]
log                 [      on ] [      on ]
developer           [       0 ] [       0 ]
chart               [      on ] [      on ]
estimate            [     off ] [     off ]
max texture memory  [ 33554432 ] [ 33554432 ]
max vis distance    [       0 ] [       0 ]
priority            [     Low ] [  Normal ]

fast vis            [     off ] [     off ]
full vis            [     off ] [     off ]
nofixprt            [     off ] [     off ]


BasePortalVis:
 (0.04 seconds)
LeafThread:
 (12.72 seconds)
average leafs visible: 217
g_visdatasize:74445  compressed from 56280

Reading portal file 'C:\Users\theje\NZP\nzp\maps\sth.prt'
Reduced 2711 lines to 2041
Optimization for J.A.C.K. map editor successful, writing portal file 'C:\Users\theje\NZP\nzp\maps\sth.prt'

Object names  Objects/Maxobjs  Memory / Maxmem  Fullness
------------  ---------------  ---------------  --------
models             14/512          896/32768    ( 2.7%)
planes           2525/32768      50500/655360   ( 7.7%)
vertexes         4653/65535      55836/786420   ( 7.1%)
nodes            2420/32767      58080/786408   ( 7.4%)
texinfos         1030/32767      41200/1310680  ( 3.1%)
faces            4038/65535      80760/1310700  ( 6.2%)
* worldfaces     4038/32768          0/0        (12.3%)
clipnodes        5664/32767      45312/262136   (17.3%)
leaves           1433/32760      40124/917280   ( 4.4%)
* worldleaves    1331/8192           0/0        (16.2%)
marksurfaces     5302/65535      10604/131070   ( 8.1%)
surfedges       18708/512000     74832/2048000  ( 3.7%)
edges            9806/256000     39224/1024000  ( 3.8%)
texdata          [variable]     658584/33554432 ( 2.0%)
lightdata        [variable]          0/50331648 ( 0.0%)
visdata          [variable]      74445/8388608  ( 0.9%)
entdata          [variable]      18542/2097152  ( 0.9%)
* AllocBlock        5/64             0/0        ( 7.8%)
20 textures referenced
=== Total BSP file data space used: 1248939 bytes ===

No wad files required to run the map
12.79 seconds elapsed

-----   END   sdHLVIS -----



sdHLRAD v1.2.0 64-bit (Jul 11 2024)
seedee's Half-Life Compilation Tools
Based on code modifications by Sean 'Zoner' Cavanaugh and Vluzacn
Based on Valve's version, modified with permission.
Submit detailed bug reports to (github.com/seedee/SDHLT/issues)
-----  BEGIN  sdHLRAD -----
Command line: "C:\Program Files\J.A.C.K\CompilationTools\sdHLRAD_x64.exe" C:\Users\theje\NZP\nzp\maps\sth 
Arguments: C:\Users\theje\NZP\nzp\maps\sth -low 

-= Current sdHLRAD Settings =-
Name                | Setting             | Default
--------------------|---------------------|-------------------------
threads              [                12 ] [            Varies ]
verbose              [               off ] [               off ]
log                  [                on ] [                on ]
developer            [                 0 ] [                 0 ]
chart                [                on ] [                on ]
estimate             [               off ] [               off ]
max texture memory   [          33554432 ] [          33554432 ]
max lighting memory  [          50331648 ] [          50331648 ]
priority             [               Low ] [            Normal ]

fast rad             [               off ] [               off ]
vismatrix algorithm  [            Sparse ] [            Sparse ]
pre-25th anniversary [               off ] [               off ]
oversampling (-extra)[               off ] [               off ]
bounces              [                 8 ] [                 8 ]
ambient light        [ 0.000 0.000 0.000 ] [ 0.000 0.000 0.000 ]
light limit threshold[           255.000 ] [           255.000 ]
circus mode          [               off ] [               off ]

smoothing threshold  [            50.000 ] [            50.000 ]
smoothing threshold 2[             0.000 ] [         no change ]
direct threshold     [            10.000 ] [            10.000 ]
direct light scale   [             1.000 ] [             1.000 ]
coring threshold     [             0.010 ] [             0.010 ]
patch interpolation  [                on ] [                on ]

texscale             [                on ] [                on ]
patch subdividing    [                on ] [                on ]
chop value           [            64.000 ] [            64.000 ]
texchop value        [            32.000 ] [            32.000 ]

global fade          [             1.000 ] [             1.000 ]
global texlight gap  [             0.000 ] [             0.000 ]
global light scale   [ 2.000 2.000 2.000 ] [ 2.000 2.000 2.000 ]
global gamma         [ 0.550 0.550 0.550 ] [ 0.550 0.550 0.550 ]
global light scale   [             2.000 ] [             2.000 ]
global sky diffusion [             1.000 ] [             1.000 ]

spread angles        [                on ] [                on ]
opaque brush models  [                on ] [                on ]
opaque studio models [                on ] [                on ]
sky lighting fix     [                on ] [                on ]
incremental          [               off ] [               off ]
dump                 [               off ] [               off ]

colour jitter        [       0.0 0.0 0.0 ] [       0.0 0.0 0.0 ]
monochromatic jitter [       0.0 0.0 0.0 ] [       0.0 0.0 0.0 ]

custom shadows with bounce light
                     [               off ] [               off ]
rgb transfers        [               off ] [               off ]
minimum final light  [                 0 ] [                 0 ]
size of transfer     [         1 (16bit) ] [         1 (16bit) ]
size of rgbtransfer  [         2 (32bit) ] [         2 (32bit) ]
soft sky             [                on ] [                on ]
translucent depth    [             2.000 ] [             2.000 ]
block opaque         [                on ] [                on ]
ignore textures      [               off ] [               off ]
reflectivity gamma   [             1.760 ] [             1.760 ]
reflectivity scale   [             0.700 ] [             0.700 ]
blur size            [             1.500 ] [             1.500 ]
no emitter range     [               off ] [               off ]
wall bleeding fix    [                on ] [                on ]


Load Textures:
20 textures referenced
Reading texlights from 'C:\Program Files\J.A.C.K\CompilationTools\lights.rad'
0 texlights parsed (C:\Program Files\J.A.C.K\CompilationTools\lights.rad)
0 opaque models
0 opaque faces
4038 faces
Create Patches : 5705 base patches
54575 square feet [7858840.50 square inches]
15 direct lights and 16386 fast direct lights
2 light styles
0 opaque studio models

FindFacePositions:
 (0.08 seconds)
BuildFacelights:
 (2.23 seconds)
BuildVisLeafs:
 (0.23 seconds)
visibility matrix   :   0.6 megs
MakeScales:
 (0.15 seconds)
Transfer Lists :      753290 :   753.29k transfers
       Indices :     1049132 :     1.00M bytes
          Data :     1523017 :     1.45M bytes
Bounce 1 GatherLight:
 (0.01 seconds)
Bounce 2 GatherLight:
 (0.01 seconds)
Bounce 3 GatherLight:
 (0.01 seconds)
Bounce 4 GatherLight:
 (0.01 seconds)
Bounce 5 GatherLight:
 (0.01 seconds)
Bounce 6 GatherLight:
 (0.01 seconds)
Bounce 7 GatherLight:
 (0.01 seconds)
Bounce 8 GatherLight:
 (0.01 seconds)
CreateTriangulations:
 (0.01 seconds)
AddPatchLights:
 (0.10 seconds)
FinalLightFace:
 (0.01 seconds)

Object names  Objects/Maxobjs  Memory / Maxmem  Fullness
------------  ---------------  ---------------  --------
models             14/512          896/32768    ( 2.7%)
planes           2525/32768      50500/655360   ( 7.7%)
vertexes         4653/65535      55836/786420   ( 7.1%)
nodes            2420/32767      58080/786408   ( 7.4%)
texinfos         1030/32767      41200/1310680  ( 3.1%)
faces            4038/65535      80760/1310700  ( 6.2%)
* worldfaces     4038/32768          0/0        (12.3%)
clipnodes        5664/32767      45312/262136   (17.3%)
leaves           1433/32760      40124/917280   ( 4.4%)
* worldleaves    1331/8192           0/0        (16.2%)
marksurfaces     5302/65535      10604/131070   ( 8.1%)
surfedges       18708/512000     74832/2048000  ( 3.7%)
edges            9806/256000     39224/1024000  ( 3.8%)
texdata          [variable]     658584/33554432 ( 2.0%)
lightdata        [variable]     289302/50331648 ( 0.6%)
visdata          [variable]      74445/8388608  ( 0.9%)
entdata          [variable]      18542/2097152  ( 0.9%)
* AllocBlock        5/64             0/0        ( 7.8%)
20 textures referenced
=== Total BSP file data space used: 1538241 bytes ===

No wad files required to run the map
3.11 seconds elapsed

-----   END   sdHLRAD -----



